[patinhafeliz.life/patinha/index.html]
[backblue.gif]
[fade.gif]
[index.html]
[patinhafeliz.life/wp-content/themes/twentytwentyfive/style5152.css]
[patinhafeliz.life/wp-content/plugins/elementor/assets/css/frontend.min3dd9.css]
[patinhafeliz.life/wp-content/uploads/elementor/css/post-6f3a3.css]
[patinhafeliz.life/wp-content/plugins/elementor/assets/css/widget-image.min3dd9.css]
[patinhafeliz.life/wp-content/plugins/elementor/assets/css/widget-video.min3dd9.css]
[patinhafeliz.life/wp-content/plugins/elementor/assets/css/widget-text-editor.min3dd9.css]
[patinhafeliz.life/wp-content/plugins/elementor/assets/lib/swiper/v8/css/swiper.min94a4.css]
[patinhafeliz.life/wp-content/plugins/elementor/assets/css/conditionals/e-swiper.min3dd9.css]
[patinhafeliz.life/wp-content/plugins/elementor/assets/css/widget-image-carousel.min3dd9.css]
[patinhafeliz.life/wp-content/plugins/elementor/assets/css/widget-divider.min3dd9.css]
[patinhafeliz.life/wp-content/uploads/elementor/css/post-95dd9.css]
[connect.facebook.net/en_US/fbevents.js]
[patinhafeliz.life/wp-content/uploads/2025/03/Patinha-feliz-copiar-1024x1024.png]
[patinhafeliz.life/wp-content/uploads/2025/03/dog-cap-1024x360.jpg]
[patinhafeliz.life/wp-content/uploads/2025/03/images.jpg]
[patinhafeliz.life/wp-content/uploads/2025/03/junho2020gatocurupira.jpg]
[patinhafeliz.life/wp-content/uploads/2025/03/IB2HJSSKGZPI7GIYOJTO4IK3LY-1024x538.jpg]
[patinhafeliz.life/wp-content/uploads/2025/03/rescue-dogs-before-after-adoption-68-586b6f4a52219__700-1-768x403-1.jpg]
[patinhafeliz.life/wp-content/uploads/2025/03/Abrigo-temporario-para-caes.jpg]
[patinhafeliz.life/wp-content/plugins/elementor/assets/lib/swiper/v8/swiper.min94a4.js]
[patinhafeliz.life/wp-content/plugins/elementor/assets/js/webpack.runtime.min3dd9.js]
[patinhafeliz.life/wp-includes/js/jquery/jquery.minf43b.js]
[patinhafeliz.life/wp-includes/js/jquery/jquery-migrate.min5589.js]
[patinhafeliz.life/wp-content/plugins/elementor/assets/js/frontend-modules.min3dd9.js]
[patinhafeliz.life/wp-includes/js/jquery/ui/core.minb37e.js]
[patinhafeliz.life/patinha/index.html]
[patinhafeliz.life/wp-content/themes/twentytwentyfive/style5152.css]
[patinhafeliz.life/wp-content/plugins/elementor/assets/css/frontend.min3dd9.css]
[patinhafeliz.life/wp-content/uploads/elementor/css/post-6f3a3.css]
[patinhafeliz.life/wp-content/plugins/elementor/assets/css/widget-image.min3dd9.css]
[patinhafeliz.life/wp-content/plugins/elementor/assets/css/widget-video.min3dd9.css]
[patinhafeliz.life/wp-content/plugins/elementor/assets/css/widget-text-editor.min3dd9.css]
[patinhafeliz.life/wp-content/plugins/elementor/assets/lib/swiper/v8/css/swiper.min94a4.css]
[patinhafeliz.life/wp-content/plugins/elementor/assets/css/conditionals/e-swiper.min3dd9.css]
[patinhafeliz.life/wp-content/plugins/elementor/assets/css/widget-image-carousel.min3dd9.css]
[patinhafeliz.life/wp-content/plugins/elementor/assets/css/widget-divider.min3dd9.css]
[patinhafeliz.life/wp-content/uploads/elementor/css/post-95dd9.css]
[patinhafeliz.life/wp-content/plugins/elementor/assets/js/frontend.min3dd9.js]
[patinhafeliz.life/patinha/a]
[patinhafeliz.life/patinha/POST]
[patinhafeliz.life/patinha/b.resolvedLink]
[patinhafeliz.life/patinha/schema.org/index.html]
[patinhafeliz.life/signals/iwl.js]
[patinhafeliz.life/patinha/c.dl]
[patinhafeliz.life/patinha/c.rl]
[connect.facebook.net/en_US/fbevents.js]
[patinhafeliz.life/patinha/a.html]
[patinhafeliz.life/patinha/POST.html]
[patinhafeliz.life/patinha/schema.org/index.html]
[patinhafeliz.life/patinha/b.html]
[patinhafeliz.life/signals/iwl.html]
[patinhafeliz.life/patinha/c.html]
[patinhafeliz.life/patinha/c-2.html]
